2021-04-14 20:13:26,203:INFO:37.15.20.110 connected
